// Jest Snapshot v1, https://goo.gl/fbAQLP

exports[`renders correctly 1`] = `
<View
  style={
    Object {
      "alignItems": "center",
      "backgroundColor": "#000",
      "flex": 1,
      "justifyContent": "center",
    }
  }
>
  <Text
    accessible={true}
    allowFontScaling={true}
    ellipsizeMode="tail"
    style={
      Object {
        "color": "#fff",
        "fontSize": 25,
      }
    }
  >
    
  </Text>
  <View
    style={
      Object {
        "alignItems": "center",
        "bottom": "20%",
        "justifyContent": "center",
        "left": 0,
        "position": "absolute",
        "right": 0,
      }
    }
  >
    <View
      accessibilityComponentType={undefined}
      accessibilityLabel={undefined}
      accessibilityTraits={undefined}
      accessible={true}
      hitSlop={undefined}
      isTVSelectable={true}
      onLayout={undefined}
      onResponderGrant={[Function]}
      onResponderMove={[Function]}
      onResponderRelease={[Function]}
      onResponderTerminate={[Function]}
      onResponderTerminationRequest={[Function]}
      onStartShouldSetResponder={[Function]}
      style={
        Object {
          "alignItems": "center",
          "backgroundColor": "#fff",
          "borderColor": "#bb8",
          "borderRadius": 20,
          "borderWidth": 5,
          "justifyContent": "center",
          "opacity": 1,
          "padding": 5,
          "width": 150,
        }
      }
      testID={undefined}
      tvParallaxProperties={undefined}
    >
      <Text
        accessible={true}
        allowFontScaling={true}
        ellipsizeMode="tail"
        style={
          Object {
            "color": "#bb8",
          }
        }
      >
        Fetch Remote Title
      </Text>
    </View>
  </View>
</View>
`;
